
> @natural-language-gui/core@0.2.0 build
> tsup

CLI Building entry: {"index":"src/index.ts"}
CLI Using tsconfig: tsconfig.json
CLI tsup v8.5.1
CLI Using tsup config: /Users/joe.steinkamp/Documents/GitHub/natural-language-gui/packages/nli-core/tsup.config.ts
CLI Target: es2017
CLI Cleaning output folder
CJS Build start
ESM Build start
dist/index.mjs (1:0): Module level directives cause errors when bundled, "use client" in "dist/index.mjs" was ignored.
dist/index.js (1:0): Module level directives cause errors when bundled, "use client" in "dist/index.js" was ignored.
CJS dist/index.js     75.65 KB
CJS dist/index.js.map 146.74 KB
CJS ⚡️ Build success in 277ms
ESM dist/index.mjs     69.98 KB
ESM dist/index.mjs.map 146.13 KB
ESM ⚡️ Build success in 277ms
DTS Build start
DTS ⚡️ Build success in 1430ms
DTS dist/index.d.ts  21.35 KB
DTS dist/index.d.mts 21.35 KB
